exports[`test Avatar with email 1`] = `"<div class=\"avatar \"><img alt=\"initials\" height=\"60\" width=\"60\" src=\"data:image/svg+xml;base64,PHN2ZyB4bWxucz0iaHR0cDovL3d3dy53My5vcmcvMjAwMC9zdmciIHBvaW50ZXItZXZlbnRzPSJub25lIiB3aWR0aD0iNjAiIGhlaWdodD0iNjAiIHN0eWxlPSJiYWNrZ3JvdW5kLWNvbG9yOiAjMDA2MDIzIj48dGV4dCB0ZXh0LWFuY2hvcj0ibWlkZGxlIiB5PSI1MCUiIHg9IjUwJSIgZHk9IjAuMzVlbSIgc3R5bGU9ImZvbnQtZmFtaWx5OiAmcXVvdDtQVF9TYW5zJnF1b3Q7LHNhbnMtc2VyaWY7IGZvbnQtc2l6ZTogMThweCIgcG9pbnRlci1ldmVudHM9ImF1dG8iIGZpbGw9IndoaXRlIj5TUjwvdGV4dD48L3N2Zz4\" class=\"avatar__initials\"><img alt=\"avatar\" height=\"60\" width=\"60\" src=\"http://1.gravatar.com/avatar/62615b629807a5c1f83e9d1060162003?d=https%3A%2F%2Fcdn2wp-templatemonster.netdna-ssl.com%2Fwp-content%2Fuploads%2F2016%2F10%2Fonepixel.png&amp;r=g&amp;s=60\" class=\"avatar__image\"></div>"`;

exports[`test Avatar with email but without gravatar 1`] = `"<div class=\"avatar \"><img src=\"data:image/svg+xml;base64,PHN2ZyB4bWxucz0iaHR0cDovL3d3dy53My5vcmcvMjAwMC9zdmciIHBvaW50ZXItZXZlbnRzPSJub25lIiB3aWR0aD0iNjAiIGhlaWdodD0iNjAiIHN0eWxlPSJiYWNrZ3JvdW5kLWNvbG9yOiAjMDA2MDIzIj48dGV4dCB0ZXh0LWFuY2hvcj0ibWlkZGxlIiB5PSI1MCUiIHg9IjUwJSIgZHk9IjAuMzVlbSIgc3R5bGU9ImZvbnQtZmFtaWx5OiAmcXVvdDtQVF9TYW5zJnF1b3Q7LHNhbnMtc2VyaWY7IGZvbnQtc2l6ZTogMThweCIgcG9pbnRlci1ldmVudHM9ImF1dG8iIGZpbGw9IndoaXRlIj5TVDwvdGV4dD48L3N2Zz4\" height=\"60\" width=\"60\" alt=\"image\"></div>"`;

exports[`test Avatar with name 1`] = `"<div class=\"avatar \"><img src=\"data:image/svg+xml;base64,PHN2ZyB4bWxucz0iaHR0cDovL3d3dy53My5vcmcvMjAwMC9zdmciIHBvaW50ZXItZXZlbnRzPSJub25lIiB3aWR0aD0iNjAiIGhlaWdodD0iNjAiIHN0eWxlPSJiYWNrZ3JvdW5kLWNvbG9yOiAjMDA2MDIzIj48dGV4dCB0ZXh0LWFuY2hvcj0ibWlkZGxlIiB5PSI1MCUiIHg9IjUwJSIgZHk9IjAuMzVlbSIgc3R5bGU9ImZvbnQtZmFtaWx5OiAmcXVvdDtQVF9TYW5zJnF1b3Q7LHNhbnMtc2VyaWY7IGZvbnQtc2l6ZTogMThweCIgcG9pbnRlci1ldmVudHM9ImF1dG8iIGZpbGw9IndoaXRlIj5TUjwvdGV4dD48L3N2Zz4\" height=\"60\" width=\"60\" alt=\"image\"></div>"`;

exports[`test Avatar with set props 1`] = `"<div class=\"avatar \"><img src=\"data:image/svg+xml;base64,PHN2ZyB4bWxucz0iaHR0cDovL3d3dy53My5vcmcvMjAwMC9zdmciIHBvaW50ZXItZXZlbnRzPSJub25lIiB3aWR0aD0iNjAiIGhlaWdodD0iNjAiIHN0eWxlPSJiYWNrZ3JvdW5kLWNvbG9yOiAjMDA2MDIzIj48dGV4dCB0ZXh0LWFuY2hvcj0ibWlkZGxlIiB5PSI1MCUiIHg9IjUwJSIgZHk9IjAuMzVlbSIgc3R5bGU9ImZvbnQtZmFtaWx5OiAmcXVvdDtQVF9TYW5zJnF1b3Q7LHNhbnMtc2VyaWY7IGZvbnQtc2l6ZTogMThweCIgcG9pbnRlci1ldmVudHM9ImF1dG8iIGZpbGw9IndoaXRlIj5URTwvdGV4dD48L3N2Zz4\" height=\"60\" width=\"60\" alt=\"image\"></div>"`;

exports[`test Avatar with src 1`] = `"<div class=\"avatar \"><img src=\"https://secure.gravatar.com/avatar/8bd2cedcb98c7a43c4f206e312568529\" height=\"60\" width=\"60\" alt=\"image\"></div>"`;

exports[`test Avatar without anything 1`] = `null`;
