exports[`Notification view testing takes a snapshot of Large Notification moved from UI-toolkit  1`] = `"<div class=\"notification_large\"><div class=\"notification_large__icon\"></div><div class=\"notification_large__text\"><span class=\"TMUI__TypographyText TMUI__TypographyText--light TMUI__TypographyText--default TMUI__TypographyText--1\">test</span></div></div>"`;

exports[`Notification view testing takes snapshots of all type of notifications 1`] = `"<div class=\"notification notification--small notification--default notification--left notification--left-arrow animated-tooltip_open_left\" style=\"top:initial;left:initial;right:initial;bottom:initial;\"><div class=\"notification__container\"><span class=\"notification__text\">test</span></div></div>"`;

exports[`Notification view testing takes snapshots of all type of notifications 2`] = `"<div class=\"notification notification--small notification--default notification--right notification--right-arrow animated-tooltip_open_right\" style=\"top:initial;left:initial;right:initial;bottom:initial;\"><div class=\"notification__container\"><span class=\"notification__text\">test</span></div></div>"`;

exports[`Notification view testing takes snapshots of all type of notifications 3`] = `"<div class=\"notification notification--small notification--default notification--bottom notification--bottom-arrow animated-tooltip_open_bottom\" style=\"top:initial;left:initial;right:initial;bottom:initial;\"><div class=\"notification__container\"><span class=\"notification__text\">test</span></div></div>"`;

exports[`Notification view testing takes snapshots of all type of notifications 4`] = `"<div class=\"notification notification--small notification--default notification--top notification--top-arrow animated-tooltip_open_top\" style=\"top:initial;left:initial;right:initial;bottom:initial;\"><div class=\"notification__container\"><span class=\"notification__text\">test</span></div></div>"`;

exports[`Notification view testing takes snapshots of all type of notifications 5`] = `"<div class=\"notification notification--large notification--default notification--top notification--top-arrow animated-tooltip_open_top\" style=\"top:initial;left:initial;right:initial;bottom:initial;\"><div class=\"notification__container\"><span class=\"notification__text\">test</span><div class=\"notification__closeBlock\"><div class=\"notification__closeBlock__closeArea\"></div></div></div></div>"`;

exports[`Notification view testing takes snapshots of all type of notifications 6`] = `"<div class=\"notification notification--large notification--default notification--bottom notification--bottom-arrow animated-tooltip_open_bottom\" style=\"top:initial;left:initial;right:initial;bottom:initial;\"><div class=\"notification__container\"><span class=\"notification__text\">test</span><div class=\"notification__closeBlock\"><div class=\"notification__closeBlock__closeArea\"></div></div></div></div>"`;

exports[`Notification view testing takes snapshots of all type of notifications 7`] = `"<div class=\"notification notification--large notification--default notification--right notification--right-arrow animated-tooltip_open_right\" style=\"top:initial;left:initial;right:initial;bottom:initial;\"><div class=\"notification__container\"><span class=\"notification__text\">test</span><div class=\"notification__closeBlock\"><div class=\"notification__closeBlock__closeArea\"></div></div></div></div>"`;

exports[`Notification view testing takes snapshots of all type of notifications 8`] = `"<div class=\"notification notification--large notification--default notification--left notification--left-arrow animated-tooltip_open_left\" style=\"top:initial;left:initial;right:initial;bottom:initial;\"><div class=\"notification__container\"><span class=\"notification__text\">test</span><div class=\"notification__closeBlock\"><div class=\"notification__closeBlock__closeArea\"></div></div></div></div>"`;

exports[`Notification view testing takes snapshots of all type of notifications 9`] = `"<div class=\"notification notification--small notification--error notification--left notification--left-arrow animated-tooltip_open_left\" style=\"top:initial;left:initial;right:initial;bottom:initial;\"><div class=\"notification__container\"><span class=\"notification__text\">test</span></div></div>"`;

exports[`Notification view testing takes snapshots of all type of notifications 10`] = `"<div class=\"notification notification--small notification--error notification--right notification--right-arrow animated-tooltip_open_right\" style=\"top:initial;left:initial;right:initial;bottom:initial;\"><div class=\"notification__container\"><span class=\"notification__text\">test</span></div></div>"`;

exports[`Notification view testing takes snapshots of all type of notifications 11`] = `"<div class=\"notification notification--small notification--error notification--bottom notification--bottom-arrow animated-tooltip_open_bottom\" style=\"top:initial;left:initial;right:initial;bottom:initial;\"><div class=\"notification__container\"><span class=\"notification__text\">test</span></div></div>"`;

exports[`Notification view testing takes snapshots of all type of notifications 12`] = `"<div class=\"notification notification--small notification--error notification--top notification--top-arrow animated-tooltip_open_top\" style=\"top:initial;left:initial;right:initial;bottom:initial;\"><div class=\"notification__container\"><span class=\"notification__text\">test</span></div></div>"`;

exports[`Notification view testing takes snapshots of all type of notifications 13`] = `"<div class=\"notification notification--large notification--error notification--top notification--top-arrow animated-tooltip_open_top\" style=\"top:initial;left:initial;right:initial;bottom:initial;\"><div class=\"notification__container\"><span class=\"notification__text\">test</span><div class=\"notification__closeBlock\"><div class=\"notification__closeBlock__closeArea\"></div></div></div></div>"`;

exports[`Notification view testing takes snapshots of all type of notifications 14`] = `"<div class=\"notification notification--large notification--error notification--bottom notification--bottom-arrow animated-tooltip_open_bottom\" style=\"top:initial;left:initial;right:initial;bottom:initial;\"><div class=\"notification__container\"><span class=\"notification__text\">test</span><div class=\"notification__closeBlock\"><div class=\"notification__closeBlock__closeArea\"></div></div></div></div>"`;

exports[`Notification view testing takes snapshots of all type of notifications 15`] = `"<div class=\"notification notification--large notification--error notification--right notification--right-arrow animated-tooltip_open_right\" style=\"top:initial;left:initial;right:initial;bottom:initial;\"><div class=\"notification__container\"><span class=\"notification__text\">test</span><div class=\"notification__closeBlock\"><div class=\"notification__closeBlock__closeArea\"></div></div></div></div>"`;

exports[`Notification view testing takes snapshots of all type of notifications 16`] = `"<div class=\"notification notification--large notification--error notification--left notification--left-arrow animated-tooltip_open_left\" style=\"top:initial;left:initial;right:initial;bottom:initial;\"><div class=\"notification__container\"><span class=\"notification__text\">test</span><div class=\"notification__closeBlock\"><div class=\"notification__closeBlock__closeArea\"></div></div></div></div>"`;

exports[`Notification view testing takes snapshots of all type of notifications 17`] = `"<div class=\"notification notification--small notification--success notification--left notification--left-arrow animated-tooltip_open_left\" style=\"top:initial;left:initial;right:initial;bottom:initial;\"><div class=\"notification__container\"><span class=\"notification__text\">test</span></div></div>"`;

exports[`Notification view testing takes snapshots of all type of notifications 18`] = `"<div class=\"notification notification--small notification--success notification--right notification--right-arrow animated-tooltip_open_right\" style=\"top:initial;left:initial;right:initial;bottom:initial;\"><div class=\"notification__container\"><span class=\"notification__text\">test</span></div></div>"`;

exports[`Notification view testing takes snapshots of all type of notifications 19`] = `"<div class=\"notification notification--small notification--success notification--bottom notification--bottom-arrow animated-tooltip_open_bottom\" style=\"top:initial;left:initial;right:initial;bottom:initial;\"><div class=\"notification__container\"><span class=\"notification__text\">test</span></div></div>"`;

exports[`Notification view testing takes snapshots of all type of notifications 20`] = `"<div class=\"notification notification--small notification--success notification--top notification--top-arrow animated-tooltip_open_top\" style=\"top:initial;left:initial;right:initial;bottom:initial;\"><div class=\"notification__container\"><span class=\"notification__text\">test</span></div></div>"`;

exports[`Notification view testing takes snapshots of all type of notifications 21`] = `"<div class=\"notification notification--large notification--success notification--top notification--top-arrow animated-tooltip_open_top\" style=\"top:initial;left:initial;right:initial;bottom:initial;\"><div class=\"notification__container\"><span class=\"notification__text\">test</span><div class=\"notification__closeBlock\"><div class=\"notification__closeBlock__closeArea\"></div></div></div></div>"`;

exports[`Notification view testing takes snapshots of all type of notifications 22`] = `"<div class=\"notification notification--large notification--success notification--bottom notification--bottom-arrow animated-tooltip_open_bottom\" style=\"top:initial;left:initial;right:initial;bottom:initial;\"><div class=\"notification__container\"><span class=\"notification__text\">test</span><div class=\"notification__closeBlock\"><div class=\"notification__closeBlock__closeArea\"></div></div></div></div>"`;

exports[`Notification view testing takes snapshots of all type of notifications 23`] = `"<div class=\"notification notification--large notification--success notification--right notification--right-arrow animated-tooltip_open_right\" style=\"top:initial;left:initial;right:initial;bottom:initial;\"><div class=\"notification__container\"><span class=\"notification__text\">test</span><div class=\"notification__closeBlock\"><div class=\"notification__closeBlock__closeArea\"></div></div></div></div>"`;

exports[`Notification view testing takes snapshots of all type of notifications 24`] = `"<div class=\"notification notification--large notification--success notification--left notification--left-arrow animated-tooltip_open_left\" style=\"top:initial;left:initial;right:initial;bottom:initial;\"><div class=\"notification__container\"><span class=\"notification__text\">test</span><div class=\"notification__closeBlock\"><div class=\"notification__closeBlock__closeArea\"></div></div></div></div>"`;

exports[`Notification view testing takes snapshots of all type of notifications 25`] = `"<div class=\"notification_large\"><div class=\"notification_large__icon\"></div><div class=\"notification_large__text\"><span class=\"TMUI__TypographyText TMUI__TypographyText--light TMUI__TypographyText--default TMUI__TypographyText--1\">test</span></div></div>"`;
