exports[`Notification view testing takes snapshots of all type of notifications 1`] = `""`;

exports[`Notification view testing takes snapshots of all type of notifications 2`] = `""`;

exports[`Notification view testing takes snapshots of all type of notifications 3`] = `""`;

exports[`Notification view testing takes snapshots of all type of notifications 4`] = `""`;

exports[`Notification view testing takes snapshots of all type of notifications 5`] = `""`;

exports[`Notification view testing takes snapshots of all type of notifications 6`] = `""`;

exports[`Notification view testing takes snapshots of all type of notifications 7`] = `""`;

exports[`Notification view testing takes snapshots of all type of notifications 8`] = `""`;

exports[`Notification view testing takes snapshots of all type of notifications 9`] = `""`;

exports[`Notification view testing takes snapshots of all type of notifications 10`] = `""`;

exports[`Notification view testing takes snapshots of all type of notifications 11`] = `""`;

exports[`Notification view testing takes snapshots of all type of notifications 12`] = `""`;

exports[`Notification view testing takes snapshots of all type of notifications 13`] = `""`;

exports[`Notification view testing takes snapshots of all type of notifications 14`] = `""`;

exports[`Notification view testing takes snapshots of all type of notifications 15`] = `""`;

exports[`Notification view testing takes snapshots of all type of notifications 16`] = `""`;

exports[`Notification view testing takes snapshots of all type of notifications 17`] = `""`;

exports[`Notification view testing takes snapshots of all type of notifications 18`] = `""`;

exports[`Notification view testing takes snapshots of all type of notifications 19`] = `""`;

exports[`Notification view testing takes snapshots of all type of notifications 20`] = `""`;

exports[`Notification view testing takes snapshots of all type of notifications 21`] = `""`;

exports[`Notification view testing takes snapshots of all type of notifications 22`] = `""`;

exports[`Notification view testing takes snapshots of all type of notifications 23`] = `""`;

exports[`Notification view testing takes snapshots of all type of notifications 24`] = `""`;

exports[`Notification view testing takes snapshots of all type of notifications 25`] = `""`;
