exports[`1 TextField high level components [F1, F2, F3, F4] testing 1.1 makes snapshots for All 4 sizes of TF with default parameters 1`] = `"<div class=\"abstract-field text-field text-field_f1\"><input type=\"text\" value=\"\" class=\"text-field__input field-style\"/><span class=\"text-field__notification-icon icon\"></span></div>"`;

exports[`1 TextField high level components [F1, F2, F3, F4] testing 1.1 makes snapshots for All 4 sizes of TF with default parameters 2`] = `"<div class=\"abstract-field text-field text-field_f2\"><span class=\"text-field__type-icon icon\"></span><input type=\"text\" value=\"\" class=\"text-field__input field-style\"/><span class=\"text-field__notification-icon icon\"></span></div>"`;

exports[`1 TextField high level components [F1, F2, F3, F4] testing 1.1 makes snapshots for All 4 sizes of TF with default parameters 3`] = `"<div class=\"abstract-field text-field text-field_f3\"><input type=\"text\" value=\"\" placeholder=\"\" class=\"text-field__input field-style\"/><span class=\"text-field__notification-icon icon\"></span><label class=\"text-field__label\"></label></div>"`;

exports[`1 TextField high level components [F1, F2, F3, F4] testing 1.1 makes snapshots for All 4 sizes of TF with default parameters 4`] = `"<div class=\"abstract-field text-field text-field_f4\"><span class=\"text-field__type-icon icon\"></span><input type=\"text\" value=\"\" placeholder=\"\" class=\"text-field__input field-style\"/><span class=\"text-field__notification-icon icon\"></span><label class=\"text-field__label\"></label></div>"`;

exports[`1 TextField high level components [F1, F2, F3, F4] testing 1.2 makes snapshots for All 4 sizes of TF * each 4 input types 1`] = `"<div class=\"abstract-field text-field text-field_f1\"><input type=\"email\" value=\"\" class=\"text-field__input field-style\"/><span class=\"text-field__notification-icon icon\"></span></div>"`;

exports[`1 TextField high level components [F1, F2, F3, F4] testing 1.2 makes snapshots for All 4 sizes of TF * each 4 input types 2`] = `"<div class=\"abstract-field text-field text-field_f1\"><input type=\"password\" value=\"\" class=\"text-field__input field-style\"/><div><span class=\"text-field__notification-icon icon\"></span><span class=\"text-field__notification-icon icon password-toggle icon-eye\"></span></div></div>"`;

exports[`1 TextField high level components [F1, F2, F3, F4] testing 1.2 makes snapshots for All 4 sizes of TF * each 4 input types 3`] = `"<div class=\"abstract-field text-field text-field_f1\"><input type=\"text\" value=\"\" class=\"text-field__input field-style\"/><span class=\"text-field__notification-icon icon\"></span></div>"`;

exports[`1 TextField high level components [F1, F2, F3, F4] testing 1.2 makes snapshots for All 4 sizes of TF * each 4 input types 4`] = `"<div class=\"abstract-field text-field text-field_f1\"><input type=\"search\" value=\"\" class=\"text-field__input field-style\"/><span class=\"text-field__notification-icon icon\"></span></div>"`;

exports[`1 TextField high level components [F1, F2, F3, F4] testing 1.2 makes snapshots for All 4 sizes of TF * each 4 input types 5`] = `"<div class=\"abstract-field text-field text-field_f2\"><span class=\"text-field__type-icon icon icon-letter\"></span><input type=\"email\" value=\"\" class=\"text-field__input field-style\"/><span class=\"text-field__notification-icon icon\"></span></div>"`;

exports[`1 TextField high level components [F1, F2, F3, F4] testing 1.2 makes snapshots for All 4 sizes of TF * each 4 input types 6`] = `"<div class=\"abstract-field text-field text-field_f2\"><span class=\"text-field__type-icon icon icon-key\"></span><input type=\"password\" value=\"\" class=\"text-field__input field-style\"/><div><span class=\"text-field__notification-icon icon\"></span><span class=\"text-field__notification-icon icon password-toggle icon-eye\"></span></div></div>"`;

exports[`1 TextField high level components [F1, F2, F3, F4] testing 1.2 makes snapshots for All 4 sizes of TF * each 4 input types 7`] = `"<div class=\"abstract-field text-field text-field_f2\"><span class=\"text-field__type-icon icon\"></span><input type=\"text\" value=\"\" class=\"text-field__input field-style\"/><span class=\"text-field__notification-icon icon\"></span></div>"`;

exports[`1 TextField high level components [F1, F2, F3, F4] testing 1.2 makes snapshots for All 4 sizes of TF * each 4 input types 8`] = `"<div class=\"abstract-field text-field text-field_f2\"><span class=\"text-field__type-icon icon icon-magnifier\"></span><input type=\"search\" value=\"\" class=\"text-field__input field-style\"/><span class=\"text-field__notification-icon icon\"></span></div>"`;

exports[`1 TextField high level components [F1, F2, F3, F4] testing 1.2 makes snapshots for All 4 sizes of TF * each 4 input types 9`] = `"<div class=\"abstract-field text-field text-field_f3\"><input type=\"email\" value=\"\" placeholder=\"\" class=\"text-field__input field-style\"/><span class=\"text-field__notification-icon icon\"></span><label class=\"text-field__label\"></label></div>"`;

exports[`1 TextField high level components [F1, F2, F3, F4] testing 1.2 makes snapshots for All 4 sizes of TF * each 4 input types 10`] = `"<div class=\"abstract-field text-field text-field_f3\"><input type=\"password\" value=\"\" placeholder=\"\" class=\"text-field__input field-style\"/><div><span class=\"text-field__notification-icon icon\"></span><span class=\"text-field__notification-icon icon password-toggle icon-eye\"></span></div><label class=\"text-field__label\"></label></div>"`;

exports[`1 TextField high level components [F1, F2, F3, F4] testing 1.2 makes snapshots for All 4 sizes of TF * each 4 input types 11`] = `"<div class=\"abstract-field text-field text-field_f3\"><input type=\"text\" value=\"\" placeholder=\"\" class=\"text-field__input field-style\"/><span class=\"text-field__notification-icon icon\"></span><label class=\"text-field__label\"></label></div>"`;

exports[`1 TextField high level components [F1, F2, F3, F4] testing 1.2 makes snapshots for All 4 sizes of TF * each 4 input types 12`] = `"<div class=\"abstract-field text-field text-field_f3\"><input type=\"search\" value=\"\" placeholder=\"\" class=\"text-field__input field-style\"/><span class=\"text-field__notification-icon icon\"></span><label class=\"text-field__label\"></label></div>"`;

exports[`1 TextField high level components [F1, F2, F3, F4] testing 1.2 makes snapshots for All 4 sizes of TF * each 4 input types 13`] = `"<div class=\"abstract-field text-field text-field_f4\"><span class=\"text-field__type-icon icon icon-letter\"></span><input type=\"email\" value=\"\" placeholder=\"\" class=\"text-field__input field-style\"/><span class=\"text-field__notification-icon icon\"></span><label class=\"text-field__label\"></label></div>"`;

exports[`1 TextField high level components [F1, F2, F3, F4] testing 1.2 makes snapshots for All 4 sizes of TF * each 4 input types 14`] = `"<div class=\"abstract-field text-field text-field_f4\"><span class=\"text-field__type-icon icon icon-key\"></span><input type=\"password\" value=\"\" placeholder=\"\" class=\"text-field__input field-style\"/><div><span class=\"text-field__notification-icon icon\"></span><span class=\"text-field__notification-icon icon password-toggle icon-eye\"></span></div><label class=\"text-field__label\"></label></div>"`;

exports[`1 TextField high level components [F1, F2, F3, F4] testing 1.2 makes snapshots for All 4 sizes of TF * each 4 input types 15`] = `"<div class=\"abstract-field text-field text-field_f4\"><span class=\"text-field__type-icon icon\"></span><input type=\"text\" value=\"\" placeholder=\"\" class=\"text-field__input field-style\"/><span class=\"text-field__notification-icon icon\"></span><label class=\"text-field__label\"></label></div>"`;

exports[`1 TextField high level components [F1, F2, F3, F4] testing 1.2 makes snapshots for All 4 sizes of TF * each 4 input types 16`] = `"<div class=\"abstract-field text-field text-field_f4\"><span class=\"text-field__type-icon icon icon-magnifier\"></span><input type=\"search\" value=\"\" placeholder=\"\" class=\"text-field__input field-style\"/><span class=\"text-field__notification-icon icon\"></span><label class=\"text-field__label\"></label></div>"`;

exports[`1 TextField high level components [F1, F2, F3, F4] testing 1.2 makes snapshots for All 4 sizes of TF * each 4 input types 17`] = `"<div class=\"abstract-field text-field text-field_f1\"><input type=\"email\" value=\"\" class=\"text-field__input field-style\"/><span class=\"text-field__notification-icon icon\"></span></div>"`;

exports[`1 TextField high level components [F1, F2, F3, F4] testing 1.2 makes snapshots for All 4 sizes of TF * each 4 input types 18`] = `"<div class=\"abstract-field text-field text-field_f1\"><input type=\"password\" value=\"\" class=\"text-field__input field-style\"/><div><span class=\"text-field__notification-icon icon\"></span><span class=\"text-field__notification-icon icon password-toggle icon-eye\"></span></div></div>"`;

exports[`1 TextField high level components [F1, F2, F3, F4] testing 1.2 makes snapshots for All 4 sizes of TF * each 4 input types 19`] = `"<div class=\"abstract-field text-field text-field_f1\"><input type=\"text\" value=\"\" class=\"text-field__input field-style\"/><span class=\"text-field__notification-icon icon\"></span></div>"`;

exports[`1 TextField high level components [F1, F2, F3, F4] testing 1.2 makes snapshots for All 4 sizes of TF * each 4 input types 20`] = `"<div class=\"abstract-field text-field text-field_f1\"><input type=\"search\" value=\"\" class=\"text-field__input field-style\"/><span class=\"text-field__notification-icon icon\"></span></div>"`;

exports[`1 TextField high level components [F1, F2, F3, F4] testing 1.2 makes snapshots for All 4 sizes of TF * each 4 input types 21`] = `"<div class=\"abstract-field text-field text-field_f2\"><span class=\"text-field__type-icon icon icon-letter\"></span><input type=\"email\" value=\"\" class=\"text-field__input field-style\"/><span class=\"text-field__notification-icon icon\"></span></div>"`;

exports[`1 TextField high level components [F1, F2, F3, F4] testing 1.2 makes snapshots for All 4 sizes of TF * each 4 input types 22`] = `"<div class=\"abstract-field text-field text-field_f2\"><span class=\"text-field__type-icon icon icon-key\"></span><input type=\"password\" value=\"\" class=\"text-field__input field-style\"/><div><span class=\"text-field__notification-icon icon\"></span><span class=\"text-field__notification-icon icon password-toggle icon-eye\"></span></div></div>"`;

exports[`1 TextField high level components [F1, F2, F3, F4] testing 1.2 makes snapshots for All 4 sizes of TF * each 4 input types 23`] = `"<div class=\"abstract-field text-field text-field_f2\"><span class=\"text-field__type-icon icon\"></span><input type=\"text\" value=\"\" class=\"text-field__input field-style\"/><span class=\"text-field__notification-icon icon\"></span></div>"`;

exports[`1 TextField high level components [F1, F2, F3, F4] testing 1.2 makes snapshots for All 4 sizes of TF * each 4 input types 24`] = `"<div class=\"abstract-field text-field text-field_f2\"><span class=\"text-field__type-icon icon icon-magnifier\"></span><input type=\"search\" value=\"\" class=\"text-field__input field-style\"/><span class=\"text-field__notification-icon icon\"></span></div>"`;

exports[`1 TextField high level components [F1, F2, F3, F4] testing 1.2 makes snapshots for All 4 sizes of TF * each 4 input types 25`] = `"<div class=\"abstract-field text-field text-field_f3\"><input type=\"email\" value=\"\" placeholder=\"\" class=\"text-field__input field-style\"/><span class=\"text-field__notification-icon icon\"></span><label class=\"text-field__label\"></label></div>"`;

exports[`1 TextField high level components [F1, F2, F3, F4] testing 1.2 makes snapshots for All 4 sizes of TF * each 4 input types 26`] = `"<div class=\"abstract-field text-field text-field_f3\"><input type=\"password\" value=\"\" placeholder=\"\" class=\"text-field__input field-style\"/><div><span class=\"text-field__notification-icon icon\"></span><span class=\"text-field__notification-icon icon password-toggle icon-eye\"></span></div><label class=\"text-field__label\"></label></div>"`;

exports[`1 TextField high level components [F1, F2, F3, F4] testing 1.2 makes snapshots for All 4 sizes of TF * each 4 input types 27`] = `"<div class=\"abstract-field text-field text-field_f3\"><input type=\"text\" value=\"\" placeholder=\"\" class=\"text-field__input field-style\"/><span class=\"text-field__notification-icon icon\"></span><label class=\"text-field__label\"></label></div>"`;

exports[`1 TextField high level components [F1, F2, F3, F4] testing 1.2 makes snapshots for All 4 sizes of TF * each 4 input types 28`] = `"<div class=\"abstract-field text-field text-field_f3\"><input type=\"search\" value=\"\" placeholder=\"\" class=\"text-field__input field-style\"/><span class=\"text-field__notification-icon icon\"></span><label class=\"text-field__label\"></label></div>"`;

exports[`1 TextField high level components [F1, F2, F3, F4] testing 1.2 makes snapshots for All 4 sizes of TF * each 4 input types 29`] = `"<div class=\"abstract-field text-field text-field_f4\"><span class=\"text-field__type-icon icon icon-letter\"></span><input type=\"email\" value=\"\" placeholder=\"\" class=\"text-field__input field-style\"/><span class=\"text-field__notification-icon icon\"></span><label class=\"text-field__label\"></label></div>"`;

exports[`1 TextField high level components [F1, F2, F3, F4] testing 1.2 makes snapshots for All 4 sizes of TF * each 4 input types 30`] = `"<div class=\"abstract-field text-field text-field_f4\"><span class=\"text-field__type-icon icon icon-key\"></span><input type=\"password\" value=\"\" placeholder=\"\" class=\"text-field__input field-style\"/><div><span class=\"text-field__notification-icon icon\"></span><span class=\"text-field__notification-icon icon password-toggle icon-eye\"></span></div><label class=\"text-field__label\"></label></div>"`;

exports[`1 TextField high level components [F1, F2, F3, F4] testing 1.2 makes snapshots for All 4 sizes of TF * each 4 input types 31`] = `"<div class=\"abstract-field text-field text-field_f4\"><span class=\"text-field__type-icon icon\"></span><input type=\"text\" value=\"\" placeholder=\"\" class=\"text-field__input field-style\"/><span class=\"text-field__notification-icon icon\"></span><label class=\"text-field__label\"></label></div>"`;

exports[`1 TextField high level components [F1, F2, F3, F4] testing 1.2 makes snapshots for All 4 sizes of TF * each 4 input types 32`] = `"<div class=\"abstract-field text-field text-field_f4\"><span class=\"text-field__type-icon icon icon-magnifier\"></span><input type=\"search\" value=\"\" placeholder=\"\" class=\"text-field__input field-style\"/><span class=\"text-field__notification-icon icon\"></span><label class=\"text-field__label\"></label></div>"`;
