exports[`Testing TextField high level components [F1, F2, F3, F4] All 4 sizes of TF * each 4 input types (snapshots) 1`] = `"<div class=\"abstract-field text-field text-field_f1\"><input type=\"email\" value=\"\" class=\"text-field__input field-style\"/><span class=\"text-field__notification-icon icon\"></span></div>"`;

exports[`Testing TextField high level components [F1, F2, F3, F4] All 4 sizes of TF * each 4 input types (snapshots) 2`] = `"<div class=\"abstract-field text-field text-field_f1\"><input type=\"password\" value=\"\" class=\"text-field__input field-style\"/><div><span class=\"text-field__notification-icon icon\"></span><span class=\"text-field__notification-icon icon password-toggle icon-eye\"></span></div></div>"`;

exports[`Testing TextField high level components [F1, F2, F3, F4] All 4 sizes of TF * each 4 input types (snapshots) 3`] = `"<div class=\"abstract-field text-field text-field_f1\"><input type=\"text\" value=\"\" class=\"text-field__input field-style\"/><span class=\"text-field__notification-icon icon\"></span></div>"`;

exports[`Testing TextField high level components [F1, F2, F3, F4] All 4 sizes of TF * each 4 input types (snapshots) 4`] = `"<div class=\"abstract-field text-field text-field_f1\"><input type=\"search\" value=\"\" class=\"text-field__input field-style\"/><span class=\"text-field__notification-icon icon\"></span></div>"`;

exports[`Testing TextField high level components [F1, F2, F3, F4] All 4 sizes of TF * each 4 input types (snapshots) 5`] = `"<div class=\"abstract-field text-field text-field_f2\"><span class=\"text-field__type-icon icon icon-letter\"></span><input type=\"email\" value=\"\" class=\"text-field__input field-style\"/><span class=\"text-field__notification-icon icon\"></span></div>"`;

exports[`Testing TextField high level components [F1, F2, F3, F4] All 4 sizes of TF * each 4 input types (snapshots) 6`] = `"<div class=\"abstract-field text-field text-field_f2\"><span class=\"text-field__type-icon icon icon-key\"></span><input type=\"password\" value=\"\" class=\"text-field__input field-style\"/><div><span class=\"text-field__notification-icon icon\"></span><span class=\"text-field__notification-icon icon password-toggle icon-eye\"></span></div></div>"`;

exports[`Testing TextField high level components [F1, F2, F3, F4] All 4 sizes of TF * each 4 input types (snapshots) 7`] = `"<div class=\"abstract-field text-field text-field_f2\"><span class=\"text-field__type-icon icon\"></span><input type=\"text\" value=\"\" class=\"text-field__input field-style\"/><span class=\"text-field__notification-icon icon\"></span></div>"`;

exports[`Testing TextField high level components [F1, F2, F3, F4] All 4 sizes of TF * each 4 input types (snapshots) 8`] = `"<div class=\"abstract-field text-field text-field_f2\"><span class=\"text-field__type-icon icon icon-magnifier\"></span><input type=\"search\" value=\"\" class=\"text-field__input field-style\"/><span class=\"text-field__notification-icon icon\"></span></div>"`;

exports[`Testing TextField high level components [F1, F2, F3, F4] All 4 sizes of TF * each 4 input types (snapshots) 9`] = `"<div class=\"abstract-field text-field text-field_f3\"><input type=\"email\" value=\"\" placeholder=\"\" class=\"text-field__input field-style\"/><span class=\"text-field__notification-icon icon\"></span><label class=\"text-field__label\"></label></div>"`;

exports[`Testing TextField high level components [F1, F2, F3, F4] All 4 sizes of TF * each 4 input types (snapshots) 10`] = `"<div class=\"abstract-field text-field text-field_f3\"><input type=\"password\" value=\"\" placeholder=\"\" class=\"text-field__input field-style\"/><div><span class=\"text-field__notification-icon icon\"></span><span class=\"text-field__notification-icon icon password-toggle icon-eye\"></span></div><label class=\"text-field__label\"></label></div>"`;

exports[`Testing TextField high level components [F1, F2, F3, F4] All 4 sizes of TF * each 4 input types (snapshots) 11`] = `"<div class=\"abstract-field text-field text-field_f3\"><input type=\"text\" value=\"\" placeholder=\"\" class=\"text-field__input field-style\"/><span class=\"text-field__notification-icon icon\"></span><label class=\"text-field__label\"></label></div>"`;

exports[`Testing TextField high level components [F1, F2, F3, F4] All 4 sizes of TF * each 4 input types (snapshots) 12`] = `"<div class=\"abstract-field text-field text-field_f3\"><input type=\"search\" value=\"\" placeholder=\"\" class=\"text-field__input field-style\"/><span class=\"text-field__notification-icon icon\"></span><label class=\"text-field__label\"></label></div>"`;

exports[`Testing TextField high level components [F1, F2, F3, F4] All 4 sizes of TF * each 4 input types (snapshots) 13`] = `"<div class=\"abstract-field text-field text-field_f4\"><span class=\"text-field__type-icon icon icon-letter\"></span><input type=\"email\" value=\"\" placeholder=\"\" class=\"text-field__input field-style\"/><span class=\"text-field__notification-icon icon\"></span><label class=\"text-field__label\"></label></div>"`;

exports[`Testing TextField high level components [F1, F2, F3, F4] All 4 sizes of TF * each 4 input types (snapshots) 14`] = `"<div class=\"abstract-field text-field text-field_f4\"><span class=\"text-field__type-icon icon icon-key\"></span><input type=\"password\" value=\"\" placeholder=\"\" class=\"text-field__input field-style\"/><div><span class=\"text-field__notification-icon icon\"></span><span class=\"text-field__notification-icon icon password-toggle icon-eye\"></span></div><label class=\"text-field__label\"></label></div>"`;

exports[`Testing TextField high level components [F1, F2, F3, F4] All 4 sizes of TF * each 4 input types (snapshots) 15`] = `"<div class=\"abstract-field text-field text-field_f4\"><span class=\"text-field__type-icon icon\"></span><input type=\"text\" value=\"\" placeholder=\"\" class=\"text-field__input field-style\"/><span class=\"text-field__notification-icon icon\"></span><label class=\"text-field__label\"></label></div>"`;

exports[`Testing TextField high level components [F1, F2, F3, F4] All 4 sizes of TF * each 4 input types (snapshots) 16`] = `"<div class=\"abstract-field text-field text-field_f4\"><span class=\"text-field__type-icon icon icon-magnifier\"></span><input type=\"search\" value=\"\" placeholder=\"\" class=\"text-field__input field-style\"/><span class=\"text-field__notification-icon icon\"></span><label class=\"text-field__label\"></label></div>"`;

exports[`Testing TextField high level components [F1, F2, F3, F4] All 4 sizes of TF with default parameters (snapshots) 1`] = `"<div class=\"abstract-field text-field text-field_f1\"><input type=\"text\" value=\"\" class=\"text-field__input field-style\"/><span class=\"text-field__notification-icon icon\"></span></div>"`;

exports[`Testing TextField high level components [F1, F2, F3, F4] All 4 sizes of TF with default parameters (snapshots) 2`] = `"<div class=\"abstract-field text-field text-field_f2\"><span class=\"text-field__type-icon icon\"></span><input type=\"text\" value=\"\" class=\"text-field__input field-style\"/><span class=\"text-field__notification-icon icon\"></span></div>"`;

exports[`Testing TextField high level components [F1, F2, F3, F4] All 4 sizes of TF with default parameters (snapshots) 3`] = `"<div class=\"abstract-field text-field text-field_f3\"><input type=\"text\" value=\"\" placeholder=\"\" class=\"text-field__input field-style\"/><span class=\"text-field__notification-icon icon\"></span><label class=\"text-field__label\"></label></div>"`;

exports[`Testing TextField high level components [F1, F2, F3, F4] All 4 sizes of TF with default parameters (snapshots) 4`] = `"<div class=\"abstract-field text-field text-field_f4\"><span class=\"text-field__type-icon icon\"></span><input type=\"text\" value=\"\" placeholder=\"\" class=\"text-field__input field-style\"/><span class=\"text-field__notification-icon icon\"></span><label class=\"text-field__label\"></label></div>"`;
