exports[`2 Snapshot testing 2.1 takes a shot of all High level text area types (default props) 1`] = `"<div class=\"text-area text-area_ta1 abstract-field field-style\"><div class=\"text-area__trim\"><textarea class=\"text-area__input\" style=\"height:0;\"></textarea><label class=\"text-area__label\"></label><span class=\"text-area__notification-icon icon\"></span></div></div>"`;

exports[`2 Snapshot testing 2.1 takes a shot of all High level text area types (default props) 2`] = `"<div class=\"text-area text-area_ta2 abstract-field field-style\"><div class=\"text-area__trim\"><span class=\"text-area__type-icon icon icon-magnifier\"></span><textarea class=\"text-area__input\" style=\"height:0;\"></textarea><label class=\"text-area__label\"></label><span class=\"text-area__notification-icon icon\"></span></div></div>"`;

exports[`2 Snapshot testing 2.1 takes a shot of all High level text area types (default props) 3`] = `"<div class=\"text-area text-area_ta3 abstract-field field-style\"><div class=\"text-area__trim\"><textarea class=\"text-area__input\" style=\"height:0;\"></textarea><label class=\"text-area__label\"></label><span class=\"text-area__notification-icon icon\"></span></div></div>"`;

exports[`2 Snapshot testing 2.1 takes a shot of all High level text area types (default props) 4`] = `"<div class=\"text-area text-area_ta4 abstract-field field-style\"><div class=\"text-area__trim\"><span class=\"text-area__type-icon icon icon-magnifier\"></span><textarea class=\"text-area__input\" style=\"height:0;\"></textarea><label class=\"text-area__label\"></label><span class=\"text-area__notification-icon icon\"></span></div></div>"`;

exports[`2 Snapshot testing 2.1 takes a shot of all High level text area types (default props) 5`] = `"<div class=\"text-area text-area_ta5 abstract-field field-style\"><div class=\"text-area__trim\"><textarea class=\"text-area__input\" maxlength=\"2000\" style=\"height:0;\"></textarea><label class=\"text-area__label\"></label><span class=\"text-area__notification-icon icon\"></span><span class=\"text-area__limit\">2000</span></div></div>"`;

exports[`2 Snapshot testing 2.1 takes a shot of all High level text area types (default props) 6`] = `"<div class=\"text-area text-area_ta6 abstract-field field-style\"><div class=\"text-area__trim\"><span class=\"text-area__type-icon icon icon-magnifier\"></span><textarea class=\"text-area__input\" maxlength=\"2000\" style=\"height:0;\"></textarea><label class=\"text-area__label\"></label><span class=\"text-area__notification-icon icon\"></span><span class=\"text-area__limit\">2000</span></div></div>"`;

exports[`2 Snapshot testing 2.1 takes a shot of all High level text area types (default props) 7`] = `"<div class=\"text-area text-area_ta7 abstract-field field-style\"><div class=\"text-area__trim\"><textarea class=\"text-area__input\" maxlength=\"2000\" style=\"height:0;\"></textarea><label class=\"text-area__label\"></label><span class=\"text-area__notification-icon icon\"></span><span class=\"text-area__limit\">2000</span></div></div>"`;

exports[`2 Snapshot testing 2.1 takes a shot of all High level text area types (default props) 8`] = `"<div class=\"text-area text-area_ta8 abstract-field field-style\"><div class=\"text-area__trim\"><span class=\"text-area__type-icon icon icon-magnifier\"></span><textarea class=\"text-area__input\" maxlength=\"2000\" style=\"height:0;\"></textarea><label class=\"text-area__label\"></label><span class=\"text-area__notification-icon icon\"></span><span class=\"text-area__limit\">2000</span></div></div>"`;

exports[`2 Snapshot testing 2.2 takes a shot of disabled stateless TextArea components (TextArea.jsx) 1`] = `"<div class=\"text-area text-area_ta1 abstract-field field-style text-area_disabled text-area_invalid\"><div class=\"text-area__trim\"><textarea class=\"text-area__input\" disabled=\"\" style=\"height:0;\">test</textarea><label class=\"text-area__label\"></label><span class=\"text-area__notification-icon icon icon-alert\"></span></div></div>"`;

exports[`2 Snapshot testing 2.3 takes a shot of stateless TextArea components (TextArea.jsx) 1`] = `"<div class=\"text-area text-area_ta1 abstract-field field-style text-area_invalid\"><div class=\"text-area__trim\"><textarea class=\"text-area__input\" style=\"height:0;\">test</textarea><label class=\"text-area__label\"></label><span class=\"text-area__notification-icon icon icon-alert\"></span></div></div>"`;
